[2024-03-13T13:19:40.821+0000][0.024s] Using G1
[2024-03-13T13:19:40.994+0000][0.197s] Version: 17.0.10+7 (release)
[2024-03-13T13:19:40.994+0000][0.197s] CPUs: 8 total, 8 available
[2024-03-13T13:19:40.995+0000][0.198s] Memory: 7827M
[2024-03-13T13:19:40.995+0000][0.198s] Large Page Support: Disabled
[2024-03-13T13:19:40.995+0000][0.198s] NUMA Support: Disabled
[2024-03-13T13:19:40.995+0000][0.198s] Compressed Oops: Enabled (32-bit)
[2024-03-13T13:19:40.995+0000][0.198s] Heap Region Size: 1M
[2024-03-13T13:19:40.996+0000][0.199s] Heap Min Capacity: 512M
[2024-03-13T13:19:40.996+0000][0.199s] Heap Initial Capacity: 512M
[2024-03-13T13:19:40.996+0000][0.199s] Heap Max Capacity: 512M
[2024-03-13T13:19:40.997+0000][0.199s] Pre-touch: Enabled
[2024-03-13T13:19:40.997+0000][0.200s] Parallel Workers: 8
[2024-03-13T13:19:40.997+0000][0.200s] Concurrent Workers: 2
[2024-03-13T13:19:40.997+0000][0.200s] Concurrent Refinement Workers: 8
[2024-03-13T13:19:40.997+0000][0.200s] Periodic GC: Disabled
[2024-03-13T13:19:41.007+0000][0.210s] CDS archive(s) mapped at: [0x00007fd1ab000000-0x00007fd1aba5f000-0x00007fd1aba5f000), size 10874880, SharedBaseAddress: 0x00007fd1ab000000, ArchiveRelocationMode: 1.
[2024-03-13T13:19:41.007+0000][0.210s] Compressed class space mapped at: 0x00007fd1ac000000-0x00007fd1ec000000, reserved size: 1073741824
[2024-03-13T13:19:41.008+0000][0.211s] Narrow klass base: 0x00007fd1ab000000, Narrow klass shift: 0, Narrow klass range: 0x100000000
[2024-03-13T13:19:42.144+0000][1.347s] GC(0) Pause Young (Normal) (G1 Evacuation Pause)
[2024-03-13T13:19:42.145+0000][1.348s] GC(0) Using 8 workers of 8 for evacuation
[2024-03-13T13:19:42.148+0000][1.351s] GC(0)   Pre Evacuate Collection Set: 0.2ms
[2024-03-13T13:19:42.149+0000][1.352s] GC(0)   Merge Heap Roots: 0.2ms
[2024-03-13T13:19:42.149+0000][1.352s] GC(0)   Evacuate Collection Set: 2.5ms
[2024-03-13T13:19:42.149+0000][1.352s] GC(0)   Post Evacuate Collection Set: 0.7ms
[2024-03-13T13:19:42.149+0000][1.352s] GC(0)   Other: 0.6ms
[2024-03-13T13:19:42.149+0000][1.352s] GC(0) Eden regions: 29->0(57)
[2024-03-13T13:19:42.150+0000][1.353s] GC(0) Survivor regions: 0->4(4)
[2024-03-13T13:19:42.150+0000][1.353s] GC(0) Old regions: 0->1
[2024-03-13T13:19:42.150+0000][1.353s] GC(0) Archive regions: 2->2
[2024-03-13T13:19:42.150+0000][1.353s] GC(0) Humongous regions: 4->4
[2024-03-13T13:19:42.150+0000][1.353s] GC(0) Metaspace: 10174K(10432K)->10174K(10432K) NonClass: 8906K(9024K)->8906K(9024K) Class: 1267K(1408K)->1267K(1408K)
[2024-03-13T13:19:42.150+0000][1.353s] GC(0) Pause Young (Normal) (G1 Evacuation Pause) 33M->9M(512M) 6.179ms
[2024-03-13T13:19:42.151+0000][1.354s] GC(0) User=0.01s Sys=0.01s Real=0.01s
[2024-03-13T13:19:42.992+0000][2.195s] GC(1) Pause Young (Normal) (G1 Evacuation Pause)
[2024-03-13T13:19:42.993+0000][2.196s] GC(1) Using 8 workers of 8 for evacuation
[2024-03-13T13:19:43.001+0000][2.204s] GC(1)   Pre Evacuate Collection Set: 0.2ms
[2024-03-13T13:19:43.001+0000][2.204s] GC(1)   Merge Heap Roots: 0.1ms
[2024-03-13T13:19:43.001+0000][2.204s] GC(1)   Evacuate Collection Set: 6.2ms
[2024-03-13T13:19:43.002+0000][2.205s] GC(1)   Post Evacuate Collection Set: 0.9ms
[2024-03-13T13:19:43.002+0000][2.205s] GC(1)   Other: 0.9ms
[2024-03-13T13:19:43.003+0000][2.206s] GC(1) Eden regions: 55->0(65)
[2024-03-13T13:19:43.003+0000][2.206s] GC(1) Survivor regions: 4->8(8)
[2024-03-13T13:19:43.003+0000][2.206s] GC(1) Old regions: 1->9
[2024-03-13T13:19:43.004+0000][2.207s] GC(1) Archive regions: 2->2
[2024-03-13T13:19:43.004+0000][2.207s] GC(1) Humongous regions: 4->4
[2024-03-13T13:19:43.004+0000][2.207s] GC(1) Metaspace: 17911K(18112K)->17911K(18112K) NonClass: 15695K(15808K)->15695K(15808K) Class: 2215K(2304K)->2215K(2304K)
[2024-03-13T13:19:43.005+0000][2.208s] GC(1) Pause Young (Normal) (G1 Evacuation Pause) 64M->21M(512M) 12.470ms
[2024-03-13T13:19:43.005+0000][2.208s] GC(1) User=0.05s Sys=0.00s Real=0.02s
[2024-03-13T13:19:43.399+0000][2.602s] GC(2) Pause Young (Concurrent Start) (Metadata GC Threshold)
[2024-03-13T13:19:43.399+0000][2.602s] GC(2) Using 8 workers of 8 for evacuation
[2024-03-13T13:19:43.405+0000][2.608s] GC(2)   Pre Evacuate Collection Set: 0.2ms
[2024-03-13T13:19:43.405+0000][2.608s] GC(2)   Merge Heap Roots: 0.1ms
[2024-03-13T13:19:43.405+0000][2.608s] GC(2)   Evacuate Collection Set: 4.1ms
[2024-03-13T13:19:43.405+0000][2.608s] GC(2)   Post Evacuate Collection Set: 0.6ms
[2024-03-13T13:19:43.405+0000][2.608s] GC(2)   Other: 0.8ms
[2024-03-13T13:19:43.406+0000][2.608s] GC(2) Eden regions: 30->0(74)
[2024-03-13T13:19:43.406+0000][2.609s] GC(2) Survivor regions: 8->2(9)
[2024-03-13T13:19:43.406+0000][2.609s] GC(2) Old regions: 9->18
[2024-03-13T13:19:43.406+0000][2.609s] GC(2) Archive regions: 2->2
[2024-03-13T13:19:43.406+0000][2.609s] GC(2) Humongous regions: 4->4
[2024-03-13T13:19:43.407+0000][2.610s] GC(2) Metaspace: 21150K(21504K)->21150K(21504K) NonClass: 18532K(18688K)->18532K(18688K) Class: 2618K(2816K)->2618K(2816K)
[2024-03-13T13:19:43.407+0000][2.610s] GC(2) Pause Young (Concurrent Start) (Metadata GC Threshold) 50M->23M(512M) 7.998ms
[2024-03-13T13:19:43.407+0000][2.610s] GC(2) User=0.03s Sys=0.00s Real=0.01s
[2024-03-13T13:19:43.407+0000][2.610s] GC(3) Concurrent Mark Cycle
[2024-03-13T13:19:43.408+0000][2.610s] GC(3) Concurrent Clear Claimed Marks
[2024-03-13T13:19:43.408+0000][2.611s] GC(3) Concurrent Clear Claimed Marks 0.209ms
[2024-03-13T13:19:43.408+0000][2.611s] GC(3) Concurrent Scan Root Regions
[2024-03-13T13:19:43.410+0000][2.613s] GC(3) Concurrent Scan Root Regions 2.308ms
[2024-03-13T13:19:43.411+0000][2.614s] GC(3) Concurrent Mark
[2024-03-13T13:19:43.411+0000][2.614s] GC(3) Concurrent Mark From Roots
[2024-03-13T13:19:43.411+0000][2.614s] GC(3) Using 2 workers of 2 for marking
[2024-03-13T13:19:43.420+0000][2.623s] GC(3) Concurrent Mark From Roots 9.190ms
[2024-03-13T13:19:43.420+0000][2.623s] GC(3) Concurrent Preclean
[2024-03-13T13:19:43.421+0000][2.624s] GC(3) Concurrent Preclean 0.257ms
[2024-03-13T13:19:43.421+0000][2.624s] GC(3) Pause Remark
[2024-03-13T13:19:43.424+0000][2.627s] GC(3) Pause Remark 25M->25M(512M) 2.542ms
[2024-03-13T13:19:43.424+0000][2.627s] GC(3) User=0.00s Sys=0.00s Real=0.00s
[2024-03-13T13:19:43.424+0000][2.627s] GC(3) Concurrent Mark 13.700ms
[2024-03-13T13:19:43.425+0000][2.628s] GC(3) Concurrent Rebuild Remembered Sets
[2024-03-13T13:19:43.430+0000][2.633s] GC(3) Concurrent Rebuild Remembered Sets 5.654ms
[2024-03-13T13:19:43.431+0000][2.634s] GC(3) Pause Cleanup
[2024-03-13T13:19:43.432+0000][2.634s] GC(3) Pause Cleanup 25M->25M(512M) 0.498ms
[2024-03-13T13:19:43.432+0000][2.635s] GC(3) User=0.00s Sys=0.00s Real=0.00s
[2024-03-13T13:19:43.432+0000][2.635s] GC(3) Concurrent Cleanup for Next Mark
[2024-03-13T13:19:43.433+0000][2.636s] GC(3) Concurrent Cleanup for Next Mark 0.826ms
[2024-03-13T13:19:43.433+0000][2.636s] GC(3) Concurrent Mark Cycle 26.089ms
[2024-03-13T13:19:44.710+0000][3.913s] GC(4) Pause Young (Normal) (G1 Evacuation Pause)
[2024-03-13T13:19:44.710+0000][3.913s] GC(4) Using 8 workers of 8 for evacuation
[2024-03-13T13:19:44.715+0000][3.918s] GC(4)   Pre Evacuate Collection Set: 0.2ms
[2024-03-13T13:19:44.716+0000][3.919s] GC(4)   Merge Heap Roots: 0.1ms
[2024-03-13T13:19:44.716+0000][3.919s] GC(4)   Evacuate Collection Set: 3.4ms
[2024-03-13T13:19:44.717+0000][3.920s] GC(4)   Post Evacuate Collection Set: 1.2ms
[2024-03-13T13:19:44.717+0000][3.920s] GC(4)   Other: 0.9ms
[2024-03-13T13:19:44.718+0000][3.920s] GC(4) Eden regions: 74->0(300)
[2024-03-13T13:19:44.718+0000][3.921s] GC(4) Survivor regions: 2->7(10)
[2024-03-13T13:19:44.718+0000][3.921s] GC(4) Old regions: 18->18
[2024-03-13T13:19:44.719+0000][3.922s] GC(4) Archive regions: 2->2
[2024-03-13T13:19:44.719+0000][3.922s] GC(4) Humongous regions: 4->4
[2024-03-13T13:19:44.719+0000][3.922s] GC(4) Metaspace: 33114K(33408K)->33114K(33408K) NonClass: 28989K(29120K)->28989K(29120K) Class: 4124K(4288K)->4124K(4288K)
[2024-03-13T13:19:44.720+0000][3.923s] GC(4) Pause Young (Normal) (G1 Evacuation Pause) 97M->28M(512M) 10.125ms
[2024-03-13T13:19:44.720+0000][3.923s] GC(4) User=0.00s Sys=0.03s Real=0.01s
[2024-03-13T13:19:45.014+0000][4.217s] GC(5) Pause Young (Concurrent Start) (Metadata GC Threshold)
[2024-03-13T13:19:45.014+0000][4.217s] GC(5) Using 8 workers of 8 for evacuation
[2024-03-13T13:19:45.020+0000][4.222s] GC(5)   Pre Evacuate Collection Set: 0.2ms
[2024-03-13T13:19:45.020+0000][4.223s] GC(5)   Merge Heap Roots: 0.2ms
[2024-03-13T13:19:45.021+0000][4.224s] GC(5)   Evacuate Collection Set: 3.8ms
[2024-03-13T13:19:45.021+0000][4.224s] GC(5)   Post Evacuate Collection Set: 0.7ms
[2024-03-13T13:19:45.021+0000][4.224s] GC(5)   Other: 0.9ms
[2024-03-13T13:19:45.022+0000][4.225s] GC(5) Eden regions: 25->0(299)
[2024-03-13T13:19:45.022+0000][4.225s] GC(5) Survivor regions: 7->8(39)
[2024-03-13T13:19:45.022+0000][4.225s] GC(5) Old regions: 18->18
[2024-03-13T13:19:45.023+0000][4.226s] GC(5) Archive regions: 2->2
[2024-03-13T13:19:45.023+0000][4.226s] GC(5) Humongous regions: 4->4
[2024-03-13T13:19:45.023+0000][4.226s] GC(5) Metaspace: 35722K(36160K)->35722K(36160K) NonClass: 31230K(31424K)->31230K(31424K) Class: 4492K(4736K)->4492K(4736K)
[2024-03-13T13:19:45.023+0000][4.226s] GC(5) Pause Young (Concurrent Start) (Metadata GC Threshold) 52M->29M(512M) 9.606ms
[2024-03-13T13:19:45.023+0000][4.226s] GC(5) User=0.03s Sys=0.01s Real=0.01s
[2024-03-13T13:19:45.024+0000][4.227s] GC(6) Concurrent Mark Cycle
[2024-03-13T13:19:45.024+0000][4.227s] GC(6) Concurrent Clear Claimed Marks
[2024-03-13T13:19:45.024+0000][4.227s] GC(6) Concurrent Clear Claimed Marks 0.191ms
[2024-03-13T13:19:45.024+0000][4.227s] GC(6) Concurrent Scan Root Regions
[2024-03-13T13:19:45.027+0000][4.230s] GC(6) Concurrent Scan Root Regions 2.431ms
[2024-03-13T13:19:45.027+0000][4.230s] GC(6) Concurrent Mark
[2024-03-13T13:19:45.027+0000][4.230s] GC(6) Concurrent Mark From Roots
[2024-03-13T13:19:45.027+0000][4.230s] GC(6) Using 2 workers of 2 for marking
[2024-03-13T13:19:45.044+0000][4.247s] GC(6) Concurrent Mark From Roots 17.088ms
[2024-03-13T13:19:45.045+0000][4.248s] GC(6) Concurrent Preclean
[2024-03-13T13:19:45.045+0000][4.248s] GC(6) Concurrent Preclean 0.444ms
[2024-03-13T13:19:45.046+0000][4.249s] GC(6) Pause Remark
[2024-03-13T13:19:45.048+0000][4.251s] GC(6) Pause Remark 32M->32M(512M) 2.432ms
[2024-03-13T13:19:45.049+0000][4.252s] GC(6) User=0.01s Sys=0.00s Real=0.00s
[2024-03-13T13:19:45.049+0000][4.252s] GC(6) Concurrent Mark 22.174ms
[2024-03-13T13:19:45.049+0000][4.252s] GC(6) Concurrent Rebuild Remembered Sets
[2024-03-13T13:19:45.056+0000][4.259s] GC(6) Concurrent Rebuild Remembered Sets 6.441ms
[2024-03-13T13:19:45.056+0000][4.259s] GC(6) Pause Cleanup
[2024-03-13T13:19:45.057+0000][4.260s] GC(6) Pause Cleanup 33M->33M(512M) 0.481ms
[2024-03-13T13:19:45.057+0000][4.260s] GC(6) User=0.00s Sys=0.00s Real=0.00s
[2024-03-13T13:19:45.058+0000][4.261s] GC(6) Concurrent Cleanup for Next Mark
[2024-03-13T13:19:45.059+0000][4.262s] GC(6) Concurrent Cleanup for Next Mark 1.036ms
[2024-03-13T13:19:45.059+0000][4.262s] GC(6) Concurrent Mark Cycle 35.161ms
[2024-03-13T13:31:52.271+0000][731.475s] GC(7) Pause Young (Concurrent Start) (G1 Evacuation Pause)
[2024-03-13T13:31:52.273+0000][731.477s] GC(7) Using 8 workers of 8 for evacuation
[2024-03-13T13:31:52.295+0000][731.499s] GC(7)   Pre Evacuate Collection Set: 0.3ms
[2024-03-13T13:31:52.296+0000][731.499s] GC(7)   Merge Heap Roots: 0.1ms
[2024-03-13T13:31:52.296+0000][731.500s] GC(7)   Evacuate Collection Set: 18.7ms
[2024-03-13T13:31:52.296+0000][731.500s] GC(7)   Post Evacuate Collection Set: 2.3ms
[2024-03-13T13:31:52.297+0000][731.500s] GC(7)   Other: 2.5ms
[2024-03-13T13:31:52.297+0000][731.500s] GC(7) Eden regions: 299->0(283)
[2024-03-13T13:31:52.297+0000][731.501s] GC(7) Survivor regions: 8->24(39)
[2024-03-13T13:31:52.297+0000][731.501s] GC(7) Old regions: 18->18
[2024-03-13T13:31:52.298+0000][731.501s] GC(7) Archive regions: 2->2
[2024-03-13T13:31:52.298+0000][731.501s] GC(7) Humongous regions: 4->4
[2024-03-13T13:31:52.298+0000][731.502s] GC(7) Metaspace: 54183K(54848K)->54183K(54848K) NonClass: 47214K(47552K)->47214K(47552K) Class: 6968K(7296K)->6968K(7296K)
[2024-03-13T13:31:52.298+0000][731.502s] GC(7) Pause Young (Concurrent Start) (G1 Evacuation Pause) 328M->46M(512M) 26.903ms
[2024-03-13T13:31:52.298+0000][731.502s] GC(7) User=0.16s Sys=0.00s Real=0.03s
[2024-03-13T13:31:52.299+0000][731.502s] GC(8) Concurrent Mark Cycle
[2024-03-13T13:31:52.300+0000][731.504s] GC(8) Concurrent Clear Claimed Marks
[2024-03-13T13:31:52.301+0000][731.504s] GC(8) Concurrent Clear Claimed Marks 0.489ms
[2024-03-13T13:31:52.302+0000][731.505s] GC(8) Concurrent Scan Root Regions
[2024-03-13T13:31:52.313+0000][731.517s] GC(8) Concurrent Scan Root Regions 11.437ms
[2024-03-13T13:31:52.314+0000][731.517s] GC(8) Concurrent Mark
[2024-03-13T13:31:52.314+0000][731.518s] GC(8) Concurrent Mark From Roots
[2024-03-13T13:31:52.314+0000][731.518s] GC(8) Using 2 workers of 2 for marking
[2024-03-13T13:31:52.327+0000][731.530s] GC(8) Concurrent Mark From Roots 12.823ms
[2024-03-13T13:31:52.327+0000][731.531s] GC(8) Concurrent Preclean
[2024-03-13T13:31:52.328+0000][731.531s] GC(8) Concurrent Preclean 0.472ms
[2024-03-13T13:31:52.328+0000][731.532s] GC(8) Pause Remark
[2024-03-13T13:31:52.336+0000][731.540s] GC(8) Pause Remark 50M->50M(512M) 7.999ms
[2024-03-13T13:31:52.337+0000][731.540s] GC(8) User=0.04s Sys=0.00s Real=0.01s
[2024-03-13T13:31:52.337+0000][731.541s] GC(8) Concurrent Mark 23.297ms
[2024-03-13T13:31:52.337+0000][731.541s] GC(8) Concurrent Rebuild Remembered Sets
[2024-03-13T13:31:52.341+0000][731.545s] GC(8) Concurrent Rebuild Remembered Sets 3.700ms
[2024-03-13T13:31:52.342+0000][731.545s] GC(8) Pause Cleanup
[2024-03-13T13:31:52.342+0000][731.546s] GC(8) Pause Cleanup 50M->50M(512M) 0.470ms
[2024-03-13T13:31:52.343+0000][731.546s] GC(8) User=0.00s Sys=0.00s Real=0.00s
[2024-03-13T13:31:52.343+0000][731.546s] GC(8) Concurrent Cleanup for Next Mark
[2024-03-13T13:31:52.344+0000][731.548s] GC(8) Concurrent Cleanup for Next Mark 1.439ms
[2024-03-13T13:31:52.345+0000][731.548s] GC(8) Concurrent Mark Cycle 45.853ms
[2024-03-13T14:22:32.421+0000][3771.627s] Heap
[2024-03-13T14:22:32.422+0000][3771.629s]  garbage-first heap   total 524288K, used 252989K [0x00000000e0000000, 0x0000000100000000)
[2024-03-13T14:22:32.423+0000][3771.629s]   region size 1024K, 225 young (230400K), 24 survivors (24576K)
[2024-03-13T14:22:32.423+0000][3771.629s]  Metaspace       used 58209K, committed 58816K, reserved 1114112K
[2024-03-13T14:22:32.424+0000][3771.630s]   class space    used 7440K, committed 7744K, reserved 1048576K
