[2024-03-12T19:48:59.922+0000][0.010s] Using G1
[2024-03-12T19:48:59.989+0000][0.078s] Version: 17.0.10+7 (release)
[2024-03-12T19:48:59.990+0000][0.078s] CPUs: 8 total, 8 available
[2024-03-12T19:48:59.990+0000][0.078s] Memory: 7827M
[2024-03-12T19:48:59.990+0000][0.078s] Large Page Support: Disabled
[2024-03-12T19:48:59.990+0000][0.078s] NUMA Support: Disabled
[2024-03-12T19:48:59.990+0000][0.079s] Compressed Oops: Enabled (32-bit)
[2024-03-12T19:48:59.991+0000][0.079s] Heap Region Size: 1M
[2024-03-12T19:48:59.991+0000][0.079s] Heap Min Capacity: 512M
[2024-03-12T19:48:59.991+0000][0.079s] Heap Initial Capacity: 512M
[2024-03-12T19:48:59.991+0000][0.079s] Heap Max Capacity: 512M
[2024-03-12T19:48:59.991+0000][0.079s] Pre-touch: Enabled
[2024-03-12T19:48:59.991+0000][0.080s] Parallel Workers: 8
[2024-03-12T19:48:59.991+0000][0.080s] Concurrent Workers: 2
[2024-03-12T19:48:59.992+0000][0.080s] Concurrent Refinement Workers: 8
[2024-03-12T19:48:59.992+0000][0.080s] Periodic GC: Disabled
[2024-03-12T19:48:59.996+0000][0.085s] CDS archive(s) mapped at: [0x00007fb663000000-0x00007fb663a5f000-0x00007fb663a5f000), size 10874880, SharedBaseAddress: 0x00007fb663000000, ArchiveRelocationMode: 1.
[2024-03-12T19:48:59.997+0000][0.085s] Compressed class space mapped at: 0x00007fb664000000-0x00007fb6a4000000, reserved size: 1073741824
[2024-03-12T19:48:59.997+0000][0.085s] Narrow klass base: 0x00007fb663000000, Narrow klass shift: 0, Narrow klass range: 0x100000000
[2024-03-12T19:49:00.588+0000][0.676s] GC(0) Pause Young (Normal) (G1 Evacuation Pause)
[2024-03-12T19:49:00.588+0000][0.676s] GC(0) Using 8 workers of 8 for evacuation
[2024-03-12T19:49:00.591+0000][0.679s] GC(0)   Pre Evacuate Collection Set: 0.1ms
[2024-03-12T19:49:00.591+0000][0.679s] GC(0)   Merge Heap Roots: 0.1ms
[2024-03-12T19:49:00.591+0000][0.679s] GC(0)   Evacuate Collection Set: 1.8ms
[2024-03-12T19:49:00.591+0000][0.679s] GC(0)   Post Evacuate Collection Set: 0.5ms
[2024-03-12T19:49:00.591+0000][0.679s] GC(0)   Other: 0.5ms
[2024-03-12T19:49:00.591+0000][0.679s] GC(0) Eden regions: 29->0(58)
[2024-03-12T19:49:00.591+0000][0.679s] GC(0) Survivor regions: 0->4(4)
[2024-03-12T19:49:00.591+0000][0.680s] GC(0) Old regions: 0->1
[2024-03-12T19:49:00.591+0000][0.680s] GC(0) Archive regions: 2->2
[2024-03-12T19:49:00.592+0000][0.680s] GC(0) Humongous regions: 0->0
[2024-03-12T19:49:00.592+0000][0.680s] GC(0) Metaspace: 9893K(10176K)->9893K(10176K) NonClass: 8669K(8832K)->8669K(8832K) Class: 1223K(1344K)->1223K(1344K)
[2024-03-12T19:49:00.592+0000][0.680s] GC(0) Pause Young (Normal) (G1 Evacuation Pause) 29M->5M(512M) 4.143ms
[2024-03-12T19:49:00.592+0000][0.680s] GC(0) User=0.01s Sys=0.00s Real=0.01s
[2024-03-12T19:49:01.025+0000][1.114s] GC(1) Pause Young (Normal) (G1 Evacuation Pause)
[2024-03-12T19:49:01.026+0000][1.114s] GC(1) Using 8 workers of 8 for evacuation
[2024-03-12T19:49:01.034+0000][1.122s] GC(1)   Pre Evacuate Collection Set: 0.2ms
[2024-03-12T19:49:01.034+0000][1.122s] GC(1)   Merge Heap Roots: 0.1ms
[2024-03-12T19:49:01.034+0000][1.123s] GC(1)   Evacuate Collection Set: 6.7ms
[2024-03-12T19:49:01.035+0000][1.123s] GC(1)   Post Evacuate Collection Set: 0.8ms
[2024-03-12T19:49:01.035+0000][1.123s] GC(1)   Other: 0.6ms
[2024-03-12T19:49:01.035+0000][1.123s] GC(1) Eden regions: 56->0(75)
[2024-03-12T19:49:01.035+0000][1.124s] GC(1) Survivor regions: 4->8(8)
[2024-03-12T19:49:01.036+0000][1.124s] GC(1) Old regions: 1->10
[2024-03-12T19:49:01.036+0000][1.124s] GC(1) Archive regions: 2->2
[2024-03-12T19:49:01.036+0000][1.124s] GC(1) Humongous regions: 4->4
[2024-03-12T19:49:01.036+0000][1.124s] GC(1) Metaspace: 17885K(18112K)->17885K(18112K) NonClass: 15670K(15808K)->15670K(15808K) Class: 2215K(2304K)->2215K(2304K)
[2024-03-12T19:49:01.036+0000][1.125s] GC(1) Pause Young (Normal) (G1 Evacuation Pause) 65M->21M(512M) 10.911ms
[2024-03-12T19:49:01.037+0000][1.125s] GC(1) User=0.08s Sys=0.00s Real=0.01s
[2024-03-12T19:49:01.267+0000][1.355s] GC(2) Pause Young (Concurrent Start) (Metadata GC Threshold)
[2024-03-12T19:49:01.267+0000][1.356s] GC(2) Using 8 workers of 8 for evacuation
[2024-03-12T19:49:01.273+0000][1.361s] GC(2)   Pre Evacuate Collection Set: 0.1ms
[2024-03-12T19:49:01.273+0000][1.361s] GC(2)   Merge Heap Roots: 0.1ms
[2024-03-12T19:49:01.273+0000][1.361s] GC(2)   Evacuate Collection Set: 4.2ms
[2024-03-12T19:49:01.273+0000][1.361s] GC(2)   Post Evacuate Collection Set: 0.6ms
[2024-03-12T19:49:01.273+0000][1.361s] GC(2)   Other: 0.7ms
[2024-03-12T19:49:01.273+0000][1.361s] GC(2) Eden regions: 30->0(107)
[2024-03-12T19:49:01.273+0000][1.362s] GC(2) Survivor regions: 8->2(11)
[2024-03-12T19:49:01.273+0000][1.362s] GC(2) Old regions: 10->18
[2024-03-12T19:49:01.274+0000][1.362s] GC(2) Archive regions: 2->2
[2024-03-12T19:49:01.274+0000][1.362s] GC(2) Humongous regions: 4->4
[2024-03-12T19:49:01.274+0000][1.362s] GC(2) Metaspace: 21147K(21504K)->21147K(21504K) NonClass: 18528K(18688K)->18528K(18688K) Class: 2618K(2816K)->2618K(2816K)
[2024-03-12T19:49:01.274+0000][1.362s] GC(2) Pause Young (Concurrent Start) (Metadata GC Threshold) 51M->24M(512M) 6.664ms
[2024-03-12T19:49:01.274+0000][1.362s] GC(2) User=0.04s Sys=0.00s Real=0.01s
[2024-03-12T19:49:01.274+0000][1.362s] GC(3) Concurrent Mark Cycle
[2024-03-12T19:49:01.274+0000][1.363s] GC(3) Concurrent Clear Claimed Marks
[2024-03-12T19:49:01.275+0000][1.363s] GC(3) Concurrent Clear Claimed Marks 0.193ms
[2024-03-12T19:49:01.275+0000][1.363s] GC(3) Concurrent Scan Root Regions
[2024-03-12T19:49:01.276+0000][1.365s] GC(3) Concurrent Scan Root Regions 1.743ms
[2024-03-12T19:49:01.277+0000][1.365s] GC(3) Concurrent Mark
[2024-03-12T19:49:01.277+0000][1.365s] GC(3) Concurrent Mark From Roots
[2024-03-12T19:49:01.277+0000][1.365s] GC(3) Using 2 workers of 2 for marking
[2024-03-12T19:49:01.286+0000][1.374s] GC(3) Concurrent Mark From Roots 8.680ms
[2024-03-12T19:49:01.286+0000][1.374s] GC(3) Concurrent Preclean
[2024-03-12T19:49:01.286+0000][1.375s] GC(3) Concurrent Preclean 0.323ms
[2024-03-12T19:49:01.287+0000][1.375s] GC(3) Pause Remark
[2024-03-12T19:49:01.289+0000][1.377s] GC(3) Pause Remark 25M->25M(512M) 2.420ms
[2024-03-12T19:49:01.289+0000][1.378s] GC(3) User=0.02s Sys=0.00s Real=0.01s
[2024-03-12T19:49:01.290+0000][1.378s] GC(3) Concurrent Mark 13.189ms
[2024-03-12T19:49:01.290+0000][1.378s] GC(3) Concurrent Rebuild Remembered Sets
[2024-03-12T19:49:01.296+0000][1.384s] GC(3) Concurrent Rebuild Remembered Sets 5.490ms
[2024-03-12T19:49:01.296+0000][1.384s] GC(3) Pause Cleanup
[2024-03-12T19:49:01.296+0000][1.385s] GC(3) Pause Cleanup 26M->26M(512M) 0.324ms
[2024-03-12T19:49:01.297+0000][1.385s] GC(3) User=0.00s Sys=0.00s Real=0.00s
[2024-03-12T19:49:01.297+0000][1.385s] GC(3) Concurrent Cleanup for Next Mark
[2024-03-12T19:49:01.297+0000][1.386s] GC(3) Concurrent Cleanup for Next Mark 0.750ms
[2024-03-12T19:49:01.298+0000][1.386s] GC(3) Concurrent Mark Cycle 23.689ms
[2024-03-12T19:49:02.181+0000][2.269s] GC(4) Pause Young (Concurrent Start) (Metadata GC Threshold)
[2024-03-12T19:49:02.182+0000][2.270s] GC(4) Using 8 workers of 8 for evacuation
[2024-03-12T19:49:02.187+0000][2.276s] GC(4)   Pre Evacuate Collection Set: 0.2ms
[2024-03-12T19:49:02.188+0000][2.276s] GC(4)   Merge Heap Roots: 0.1ms
[2024-03-12T19:49:02.188+0000][2.276s] GC(4)   Evacuate Collection Set: 3.9ms
[2024-03-12T19:49:02.188+0000][2.276s] GC(4)   Post Evacuate Collection Set: 1.2ms
[2024-03-12T19:49:02.188+0000][2.276s] GC(4)   Other: 0.7ms
[2024-03-12T19:49:02.188+0000][2.277s] GC(4) Eden regions: 91->0(299)
[2024-03-12T19:49:02.189+0000][2.277s] GC(4) Survivor regions: 2->8(14)
[2024-03-12T19:49:02.189+0000][2.277s] GC(4) Old regions: 18->18
[2024-03-12T19:49:02.189+0000][2.277s] GC(4) Archive regions: 2->2
[2024-03-12T19:49:02.189+0000][2.277s] GC(4) Humongous regions: 4->4
[2024-03-12T19:49:02.189+0000][2.277s] GC(4) Metaspace: 35755K(36160K)->35755K(36160K) NonClass: 31259K(31424K)->31259K(31424K) Class: 4496K(4736K)->4496K(4736K)
[2024-03-12T19:49:02.189+0000][2.277s] GC(4) Pause Young (Concurrent Start) (Metadata GC Threshold) 114M->29M(512M) 7.986ms
[2024-03-12T19:49:02.189+0000][2.278s] GC(4) User=0.03s Sys=0.00s Real=0.01s
[2024-03-12T19:49:02.190+0000][2.278s] GC(5) Concurrent Mark Cycle
[2024-03-12T19:49:02.190+0000][2.278s] GC(5) Concurrent Clear Claimed Marks
[2024-03-12T19:49:02.193+0000][2.281s] GC(5) Concurrent Clear Claimed Marks 3.188ms
[2024-03-12T19:49:02.193+0000][2.282s] GC(5) Concurrent Scan Root Regions
[2024-03-12T19:49:02.196+0000][2.284s] GC(5) Concurrent Scan Root Regions 2.722ms
[2024-03-12T19:49:02.196+0000][2.285s] GC(5) Concurrent Mark
[2024-03-12T19:49:02.197+0000][2.285s] GC(5) Concurrent Mark From Roots
[2024-03-12T19:49:02.197+0000][2.285s] GC(5) Using 2 workers of 2 for marking
[2024-03-12T19:49:02.211+0000][2.299s] GC(5) Concurrent Mark From Roots 14.136ms
[2024-03-12T19:49:02.211+0000][2.299s] GC(5) Concurrent Preclean
[2024-03-12T19:49:02.211+0000][2.300s] GC(5) Concurrent Preclean 0.261ms
[2024-03-12T19:49:02.212+0000][2.300s] GC(5) Pause Remark
[2024-03-12T19:49:02.214+0000][2.302s] GC(5) Pause Remark 32M->32M(512M) 2.381ms
[2024-03-12T19:49:02.215+0000][2.303s] GC(5) User=0.00s Sys=0.00s Real=0.00s
[2024-03-12T19:49:02.215+0000][2.303s] GC(5) Concurrent Mark 18.443ms
[2024-03-12T19:49:02.215+0000][2.303s] GC(5) Concurrent Rebuild Remembered Sets
[2024-03-12T19:49:02.220+0000][2.308s] GC(5) Concurrent Rebuild Remembered Sets 4.661ms
[2024-03-12T19:49:02.220+0000][2.308s] GC(5) Pause Cleanup
[2024-03-12T19:49:02.221+0000][2.309s] GC(5) Pause Cleanup 34M->34M(512M) 0.343ms
[2024-03-12T19:49:02.221+0000][2.309s] GC(5) User=0.01s Sys=0.00s Real=0.00s
[2024-03-12T19:49:02.221+0000][2.309s] GC(5) Concurrent Cleanup for Next Mark
[2024-03-12T19:49:02.222+0000][2.310s] GC(5) Concurrent Cleanup for Next Mark 1.046ms
[2024-03-12T19:49:02.222+0000][2.311s] GC(5) Concurrent Mark Cycle 32.845ms
[2024-03-12T20:02:10.411+0000][790.506s] Heap
[2024-03-12T20:02:10.411+0000][790.506s]  garbage-first heap   total 524288K, used 291506K [0x00000000e0000000, 0x0000000100000000)
[2024-03-12T20:02:10.411+0000][790.506s]   region size 1024K, 263 young (269312K), 8 survivors (8192K)
[2024-03-12T20:02:10.412+0000][790.506s]  Metaspace       used 53551K, committed 54144K, reserved 1114112K
[2024-03-12T20:02:10.412+0000][790.507s]   class space    used 6907K, committed 7168K, reserved 1048576K
