[2024-03-13T17:00:58.046+0000][0.016s] Using G1
[2024-03-13T17:00:58.162+0000][0.132s] Version: 17.0.10+7 (release)
[2024-03-13T17:00:58.163+0000][0.133s] CPUs: 8 total, 8 available
[2024-03-13T17:00:58.163+0000][0.133s] Memory: 7827M
[2024-03-13T17:00:58.164+0000][0.134s] Large Page Support: Disabled
[2024-03-13T17:00:58.164+0000][0.134s] NUMA Support: Disabled
[2024-03-13T17:00:58.164+0000][0.134s] Compressed Oops: Enabled (32-bit)
[2024-03-13T17:00:58.165+0000][0.135s] Heap Region Size: 1M
[2024-03-13T17:00:58.165+0000][0.135s] Heap Min Capacity: 512M
[2024-03-13T17:00:58.166+0000][0.136s] Heap Initial Capacity: 512M
[2024-03-13T17:00:58.166+0000][0.136s] Heap Max Capacity: 512M
[2024-03-13T17:00:58.166+0000][0.136s] Pre-touch: Enabled
[2024-03-13T17:00:58.167+0000][0.137s] Parallel Workers: 8
[2024-03-13T17:00:58.167+0000][0.137s] Concurrent Workers: 2
[2024-03-13T17:00:58.167+0000][0.137s] Concurrent Refinement Workers: 8
[2024-03-13T17:00:58.168+0000][0.138s] Periodic GC: Disabled
[2024-03-13T17:00:58.173+0000][0.143s] CDS archive(s) mapped at: [0x00007f9457000000-0x00007f9457a5f000-0x00007f9457a5f000), size 10874880, SharedBaseAddress: 0x00007f9457000000, ArchiveRelocationMode: 1.
[2024-03-13T17:00:58.173+0000][0.143s] Compressed class space mapped at: 0x00007f9458000000-0x00007f9498000000, reserved size: 1073741824
[2024-03-13T17:00:58.174+0000][0.144s] Narrow klass base: 0x00007f9457000000, Narrow klass shift: 0, Narrow klass range: 0x100000000
[2024-03-13T17:00:59.018+0000][0.988s] GC(0) Pause Young (Normal) (G1 Evacuation Pause)
[2024-03-13T17:00:59.019+0000][0.989s] GC(0) Using 8 workers of 8 for evacuation
[2024-03-13T17:00:59.022+0000][0.992s] GC(0)   Pre Evacuate Collection Set: 0.1ms
[2024-03-13T17:00:59.023+0000][0.993s] GC(0)   Merge Heap Roots: 0.1ms
[2024-03-13T17:00:59.023+0000][0.993s] GC(0)   Evacuate Collection Set: 2.2ms
[2024-03-13T17:00:59.023+0000][0.993s] GC(0)   Post Evacuate Collection Set: 0.8ms
[2024-03-13T17:00:59.023+0000][0.993s] GC(0)   Other: 0.5ms
[2024-03-13T17:00:59.023+0000][0.993s] GC(0) Eden regions: 29->0(58)
[2024-03-13T17:00:59.024+0000][0.994s] GC(0) Survivor regions: 0->4(4)
[2024-03-13T17:00:59.024+0000][0.994s] GC(0) Old regions: 0->1
[2024-03-13T17:00:59.024+0000][0.994s] GC(0) Archive regions: 2->2
[2024-03-13T17:00:59.024+0000][0.994s] GC(0) Humongous regions: 0->0
[2024-03-13T17:00:59.024+0000][0.994s] GC(0) Metaspace: 9951K(10240K)->9951K(10240K) NonClass: 8710K(8832K)->8710K(8832K) Class: 1240K(1408K)->1240K(1408K)
[2024-03-13T17:00:59.024+0000][0.994s] GC(0) Pause Young (Normal) (G1 Evacuation Pause) 29M->5M(512M) 5.982ms
[2024-03-13T17:00:59.025+0000][0.995s] GC(0) User=0.02s Sys=0.01s Real=0.01s
[2024-03-13T17:00:59.726+0000][1.696s] GC(1) Pause Young (Normal) (G1 Evacuation Pause)
[2024-03-13T17:00:59.727+0000][1.697s] GC(1) Using 8 workers of 8 for evacuation
[2024-03-13T17:00:59.734+0000][1.704s] GC(1)   Pre Evacuate Collection Set: 0.1ms
[2024-03-13T17:00:59.735+0000][1.705s] GC(1)   Merge Heap Roots: 0.1ms
[2024-03-13T17:00:59.735+0000][1.705s] GC(1)   Evacuate Collection Set: 6.1ms
[2024-03-13T17:00:59.735+0000][1.706s] GC(1)   Post Evacuate Collection Set: 0.9ms
[2024-03-13T17:00:59.736+0000][1.706s] GC(1)   Other: 0.6ms
[2024-03-13T17:00:59.736+0000][1.706s] GC(1) Eden regions: 55->0(170)
[2024-03-13T17:00:59.736+0000][1.707s] GC(1) Survivor regions: 4->8(8)
[2024-03-13T17:00:59.737+0000][1.707s] GC(1) Old regions: 1->9
[2024-03-13T17:00:59.737+0000][1.707s] GC(1) Archive regions: 2->2
[2024-03-13T17:00:59.737+0000][1.707s] GC(1) Humongous regions: 4->4
[2024-03-13T17:00:59.737+0000][1.707s] GC(1) Metaspace: 17902K(18176K)->17902K(18176K) NonClass: 15686K(15872K)->15686K(15872K) Class: 2215K(2304K)->2215K(2304K)
[2024-03-13T17:00:59.738+0000][1.708s] GC(1) Pause Young (Normal) (G1 Evacuation Pause) 64M->21M(512M) 11.190ms
[2024-03-13T17:00:59.738+0000][1.708s] GC(1) User=0.06s Sys=0.00s Real=0.01s
[2024-03-13T17:01:00.092+0000][2.062s] GC(2) Pause Young (Concurrent Start) (Metadata GC Threshold)
[2024-03-13T17:01:00.093+0000][2.063s] GC(2) Using 8 workers of 8 for evacuation
[2024-03-13T17:01:00.097+0000][2.067s] GC(2)   Pre Evacuate Collection Set: 0.1ms
[2024-03-13T17:01:00.097+0000][2.067s] GC(2)   Merge Heap Roots: 0.1ms
[2024-03-13T17:01:00.098+0000][2.068s] GC(2)   Evacuate Collection Set: 3.4ms
[2024-03-13T17:01:00.098+0000][2.068s] GC(2)   Post Evacuate Collection Set: 0.6ms
[2024-03-13T17:01:00.098+0000][2.068s] GC(2)   Other: 0.5ms
[2024-03-13T17:01:00.098+0000][2.068s] GC(2) Eden regions: 32->0(109)
[2024-03-13T17:01:00.098+0000][2.068s] GC(2) Survivor regions: 8->11(18)
[2024-03-13T17:01:00.098+0000][2.068s] GC(2) Old regions: 9->9
[2024-03-13T17:01:00.098+0000][2.068s] GC(2) Archive regions: 2->2
[2024-03-13T17:01:00.098+0000][2.068s] GC(2) Humongous regions: 4->4
[2024-03-13T17:01:00.099+0000][2.069s] GC(2) Metaspace: 21157K(21504K)->21157K(21504K) NonClass: 18539K(18688K)->18539K(18688K) Class: 2618K(2816K)->2618K(2816K)
[2024-03-13T17:01:00.099+0000][2.069s] GC(2) Pause Young (Concurrent Start) (Metadata GC Threshold) 52M->23M(512M) 6.220ms
[2024-03-13T17:01:00.099+0000][2.069s] GC(2) User=0.02s Sys=0.01s Real=0.00s
[2024-03-13T17:01:00.099+0000][2.069s] GC(3) Concurrent Mark Cycle
[2024-03-13T17:01:00.099+0000][2.069s] GC(3) Concurrent Clear Claimed Marks
[2024-03-13T17:01:00.099+0000][2.069s] GC(3) Concurrent Clear Claimed Marks 0.185ms
[2024-03-13T17:01:00.099+0000][2.069s] GC(3) Concurrent Scan Root Regions
[2024-03-13T17:01:00.101+0000][2.071s] GC(3) Concurrent Scan Root Regions 1.920ms
[2024-03-13T17:01:00.101+0000][2.071s] GC(3) Concurrent Mark
[2024-03-13T17:01:00.102+0000][2.072s] GC(3) Concurrent Mark From Roots
[2024-03-13T17:01:00.102+0000][2.072s] GC(3) Using 2 workers of 2 for marking
[2024-03-13T17:01:00.109+0000][2.079s] GC(3) Concurrent Mark From Roots 7.058ms
[2024-03-13T17:01:00.109+0000][2.079s] GC(3) Concurrent Preclean
[2024-03-13T17:01:00.109+0000][2.079s] GC(3) Concurrent Preclean 0.182ms
[2024-03-13T17:01:00.109+0000][2.079s] GC(3) Pause Remark
[2024-03-13T17:01:00.111+0000][2.081s] GC(3) Pause Remark 25M->25M(512M) 1.729ms
[2024-03-13T17:01:00.111+0000][2.081s] GC(3) User=0.00s Sys=0.00s Real=0.01s
[2024-03-13T17:01:00.111+0000][2.081s] GC(3) Concurrent Mark 9.993ms
[2024-03-13T17:01:00.112+0000][2.082s] GC(3) Concurrent Rebuild Remembered Sets
[2024-03-13T17:01:00.114+0000][2.084s] GC(3) Concurrent Rebuild Remembered Sets 2.517ms
[2024-03-13T17:01:00.114+0000][2.084s] GC(3) Pause Cleanup
[2024-03-13T17:01:00.115+0000][2.085s] GC(3) Pause Cleanup 25M->25M(512M) 0.214ms
[2024-03-13T17:01:00.115+0000][2.085s] GC(3) User=0.00s Sys=0.00s Real=0.00s
[2024-03-13T17:01:00.115+0000][2.085s] GC(3) Concurrent Cleanup for Next Mark
[2024-03-13T17:01:00.115+0000][2.085s] GC(3) Concurrent Cleanup for Next Mark 0.557ms
[2024-03-13T17:01:00.115+0000][2.085s] GC(3) Concurrent Mark Cycle 16.645ms
[2024-03-13T17:01:01.575+0000][3.545s] GC(4) Pause Young (Concurrent Start) (Metadata GC Threshold)
[2024-03-13T17:01:01.576+0000][3.546s] GC(4) Using 8 workers of 8 for evacuation
[2024-03-13T17:01:01.585+0000][3.555s] GC(4)   Pre Evacuate Collection Set: 0.2ms
[2024-03-13T17:01:01.585+0000][3.555s] GC(4)   Merge Heap Roots: 0.1ms
[2024-03-13T17:01:01.586+0000][3.556s] GC(4)   Evacuate Collection Set: 7.7ms
[2024-03-13T17:01:01.586+0000][3.556s] GC(4)   Post Evacuate Collection Set: 1.3ms
[2024-03-13T17:01:01.586+0000][3.556s] GC(4)   Other: 0.6ms
[2024-03-13T17:01:01.586+0000][3.556s] GC(4) Eden regions: 91->0(294)
[2024-03-13T17:01:01.586+0000][3.556s] GC(4) Survivor regions: 11->13(15)
[2024-03-13T17:01:01.586+0000][3.556s] GC(4) Old regions: 9->12
[2024-03-13T17:01:01.586+0000][3.556s] GC(4) Archive regions: 2->2
[2024-03-13T17:01:01.586+0000][3.556s] GC(4) Humongous regions: 4->4
[2024-03-13T17:01:01.587+0000][3.557s] GC(4) Metaspace: 35744K(36160K)->35744K(36160K) NonClass: 31254K(31424K)->31254K(31424K) Class: 4489K(4736K)->4489K(4736K)
[2024-03-13T17:01:01.587+0000][3.557s] GC(4) Pause Young (Concurrent Start) (Metadata GC Threshold) 114M->29M(512M) 11.341ms
[2024-03-13T17:01:01.587+0000][3.557s] GC(4) User=0.07s Sys=0.00s Real=0.01s
[2024-03-13T17:01:01.587+0000][3.557s] GC(5) Concurrent Mark Cycle
[2024-03-13T17:01:01.587+0000][3.557s] GC(5) Concurrent Clear Claimed Marks
[2024-03-13T17:01:01.587+0000][3.557s] GC(5) Concurrent Clear Claimed Marks 0.164ms
[2024-03-13T17:01:01.587+0000][3.557s] GC(5) Concurrent Scan Root Regions
[2024-03-13T17:01:01.592+0000][3.562s] GC(5) Concurrent Scan Root Regions 4.600ms
[2024-03-13T17:01:01.592+0000][3.562s] GC(5) Concurrent Mark
[2024-03-13T17:01:01.593+0000][3.563s] GC(5) Concurrent Mark From Roots
[2024-03-13T17:01:01.593+0000][3.563s] GC(5) Using 2 workers of 2 for marking
[2024-03-13T17:01:01.601+0000][3.571s] GC(5) Concurrent Mark From Roots 8.829ms
[2024-03-13T17:01:01.602+0000][3.572s] GC(5) Concurrent Preclean
[2024-03-13T17:01:01.602+0000][3.572s] GC(5) Concurrent Preclean 0.293ms
[2024-03-13T17:01:01.602+0000][3.572s] GC(5) Pause Remark
[2024-03-13T17:01:01.605+0000][3.575s] GC(5) Pause Remark 31M->31M(512M) 2.385ms
[2024-03-13T17:01:01.605+0000][3.575s] GC(5) User=0.01s Sys=0.00s Real=0.00s
[2024-03-13T17:01:01.605+0000][3.575s] GC(5) Concurrent Mark 12.891ms
[2024-03-13T17:01:01.605+0000][3.575s] GC(5) Concurrent Rebuild Remembered Sets
[2024-03-13T17:01:01.610+0000][3.580s] GC(5) Concurrent Rebuild Remembered Sets 4.338ms
[2024-03-13T17:01:01.610+0000][3.580s] GC(5) Pause Cleanup
[2024-03-13T17:01:01.611+0000][3.581s] GC(5) Pause Cleanup 32M->32M(512M) 0.334ms
[2024-03-13T17:01:01.611+0000][3.581s] GC(5) User=0.00s Sys=0.00s Real=0.00s
[2024-03-13T17:01:01.611+0000][3.581s] GC(5) Concurrent Cleanup for Next Mark
[2024-03-13T17:01:01.612+0000][3.582s] GC(5) Concurrent Cleanup for Next Mark 0.986ms
[2024-03-13T17:01:01.612+0000][3.582s] GC(5) Concurrent Mark Cycle 25.416ms
[2024-03-13T19:53:58.204+0000][10380.200s] Heap
[2024-03-13T19:53:58.205+0000][10380.201s]  garbage-first heap   total 524288K, used 286258K [0x00000000e0000000, 0x0000000100000000)
[2024-03-13T19:53:58.205+0000][10380.201s]   region size 1024K, 264 young (270336K), 13 survivors (13312K)
[2024-03-13T19:53:58.206+0000][10380.202s]  Metaspace       used 56159K, committed 56768K, reserved 1114112K
[2024-03-13T19:53:58.206+0000][10380.202s]   class space    used 7239K, committed 7552K, reserved 1048576K
