[2024-03-16T12:23:43.225+0000][0.028s] Using G1
[2024-03-16T12:23:43.342+0000][0.146s] Version: 17.0.10+7 (release)
[2024-03-16T12:23:43.343+0000][0.146s] CPUs: 8 total, 8 available
[2024-03-16T12:23:43.343+0000][0.147s] Memory: 7827M
[2024-03-16T12:23:43.344+0000][0.147s] Large Page Support: Disabled
[2024-03-16T12:23:43.344+0000][0.147s] NUMA Support: Disabled
[2024-03-16T12:23:43.344+0000][0.148s] Compressed Oops: Enabled (32-bit)
[2024-03-16T12:23:43.345+0000][0.148s] Heap Region Size: 1M
[2024-03-16T12:23:43.345+0000][0.148s] Heap Min Capacity: 512M
[2024-03-16T12:23:43.345+0000][0.148s] Heap Initial Capacity: 512M
[2024-03-16T12:23:43.347+0000][0.151s] Heap Max Capacity: 512M
[2024-03-16T12:23:43.347+0000][0.151s] Pre-touch: Enabled
[2024-03-16T12:23:43.347+0000][0.151s] Parallel Workers: 8
[2024-03-16T12:23:43.348+0000][0.151s] Concurrent Workers: 2
[2024-03-16T12:23:43.348+0000][0.152s] Concurrent Refinement Workers: 8
[2024-03-16T12:23:43.348+0000][0.152s] Periodic GC: Disabled
[2024-03-16T12:23:43.355+0000][0.158s] CDS archive(s) mapped at: [0x00007fa1ab000000-0x00007fa1aba5f000-0x00007fa1aba5f000), size 10874880, SharedBaseAddress: 0x00007fa1ab000000, ArchiveRelocationMode: 1.
[2024-03-16T12:23:43.355+0000][0.158s] Compressed class space mapped at: 0x00007fa1ac000000-0x00007fa1ec000000, reserved size: 1073741824
[2024-03-16T12:23:43.355+0000][0.158s] Narrow klass base: 0x00007fa1ab000000, Narrow klass shift: 0, Narrow klass range: 0x100000000
[2024-03-16T12:23:44.153+0000][0.957s] GC(0) Pause Young (Normal) (G1 Evacuation Pause)
[2024-03-16T12:23:44.153+0000][0.957s] GC(0) Using 8 workers of 8 for evacuation
[2024-03-16T12:23:44.157+0000][0.960s] GC(0)   Pre Evacuate Collection Set: 0.1ms
[2024-03-16T12:23:44.157+0000][0.961s] GC(0)   Merge Heap Roots: 0.1ms
[2024-03-16T12:23:44.157+0000][0.961s] GC(0)   Evacuate Collection Set: 2.4ms
[2024-03-16T12:23:44.157+0000][0.961s] GC(0)   Post Evacuate Collection Set: 0.6ms
[2024-03-16T12:23:44.157+0000][0.961s] GC(0)   Other: 0.5ms
[2024-03-16T12:23:44.158+0000][0.961s] GC(0) Eden regions: 29->0(58)
[2024-03-16T12:23:44.158+0000][0.961s] GC(0) Survivor regions: 0->4(4)
[2024-03-16T12:23:44.158+0000][0.961s] GC(0) Old regions: 0->1
[2024-03-16T12:23:44.158+0000][0.962s] GC(0) Archive regions: 2->2
[2024-03-16T12:23:44.158+0000][0.962s] GC(0) Humongous regions: 0->0
[2024-03-16T12:23:44.158+0000][0.962s] GC(0) Metaspace: 9974K(10240K)->9974K(10240K) NonClass: 8733K(8832K)->8733K(8832K) Class: 1241K(1408K)->1241K(1408K)
[2024-03-16T12:23:44.159+0000][0.962s] GC(0) Pause Young (Normal) (G1 Evacuation Pause) 29M->5M(512M) 5.537ms
[2024-03-16T12:23:44.159+0000][0.962s] GC(0) User=0.01s Sys=0.01s Real=0.00s
[2024-03-16T12:23:44.865+0000][1.668s] GC(1) Pause Young (Normal) (G1 Evacuation Pause)
[2024-03-16T12:23:44.865+0000][1.668s] GC(1) Using 8 workers of 8 for evacuation
[2024-03-16T12:23:44.873+0000][1.676s] GC(1)   Pre Evacuate Collection Set: 0.1ms
[2024-03-16T12:23:44.873+0000][1.677s] GC(1)   Merge Heap Roots: 0.1ms
[2024-03-16T12:23:44.873+0000][1.677s] GC(1)   Evacuate Collection Set: 6.1ms
[2024-03-16T12:23:44.874+0000][1.677s] GC(1)   Post Evacuate Collection Set: 1.1ms
[2024-03-16T12:23:44.874+0000][1.677s] GC(1)   Other: 0.5ms
[2024-03-16T12:23:44.874+0000][1.678s] GC(1) Eden regions: 55->0(174)
[2024-03-16T12:23:44.874+0000][1.678s] GC(1) Survivor regions: 4->8(8)
[2024-03-16T12:23:44.875+0000][1.678s] GC(1) Old regions: 1->9
[2024-03-16T12:23:44.875+0000][1.678s] GC(1) Archive regions: 2->2
[2024-03-16T12:23:44.875+0000][1.679s] GC(1) Humongous regions: 4->4
[2024-03-16T12:23:44.875+0000][1.679s] GC(1) Metaspace: 17893K(18176K)->17893K(18176K) NonClass: 15677K(15872K)->15677K(15872K) Class: 2215K(2304K)->2215K(2304K)
[2024-03-16T12:23:44.875+0000][1.679s] GC(1) Pause Young (Normal) (G1 Evacuation Pause) 64M->21M(512M) 10.781ms
[2024-03-16T12:23:44.876+0000][1.679s] GC(1) User=0.04s Sys=0.02s Real=0.01s
[2024-03-16T12:23:45.227+0000][2.031s] GC(2) Pause Young (Concurrent Start) (Metadata GC Threshold)
[2024-03-16T12:23:45.228+0000][2.031s] GC(2) Using 8 workers of 8 for evacuation
[2024-03-16T12:23:45.233+0000][2.037s] GC(2)   Pre Evacuate Collection Set: 0.1ms
[2024-03-16T12:23:45.234+0000][2.037s] GC(2)   Merge Heap Roots: 0.1ms
[2024-03-16T12:23:45.234+0000][2.038s] GC(2)   Evacuate Collection Set: 4.0ms
[2024-03-16T12:23:45.234+0000][2.038s] GC(2)   Post Evacuate Collection Set: 0.8ms
[2024-03-16T12:23:45.235+0000][2.038s] GC(2)   Other: 0.9ms
[2024-03-16T12:23:45.235+0000][2.038s] GC(2) Eden regions: 32->0(107)
[2024-03-16T12:23:45.235+0000][2.039s] GC(2) Survivor regions: 8->10(18)
[2024-03-16T12:23:45.235+0000][2.039s] GC(2) Old regions: 9->9
[2024-03-16T12:23:45.235+0000][2.039s] GC(2) Archive regions: 2->2
[2024-03-16T12:23:45.236+0000][2.039s] GC(2) Humongous regions: 4->4
[2024-03-16T12:23:45.236+0000][2.039s] GC(2) Metaspace: 21151K(21504K)->21151K(21504K) NonClass: 18533K(18688K)->18533K(18688K) Class: 2618K(2816K)->2618K(2816K)
[2024-03-16T12:23:45.236+0000][2.040s] GC(2) Pause Young (Concurrent Start) (Metadata GC Threshold) 53M->23M(512M) 8.699ms
[2024-03-16T12:23:45.236+0000][2.040s] GC(2) User=0.02s Sys=0.00s Real=0.01s
[2024-03-16T12:23:45.237+0000][2.040s] GC(3) Concurrent Mark Cycle
[2024-03-16T12:23:45.237+0000][2.040s] GC(3) Concurrent Clear Claimed Marks
[2024-03-16T12:23:45.237+0000][2.041s] GC(3) Concurrent Clear Claimed Marks 0.210ms
[2024-03-16T12:23:45.237+0000][2.041s] GC(3) Concurrent Scan Root Regions
[2024-03-16T12:23:45.239+0000][2.043s] GC(3) Concurrent Scan Root Regions 1.766ms
[2024-03-16T12:23:45.239+0000][2.043s] GC(3) Concurrent Mark
[2024-03-16T12:23:45.240+0000][2.043s] GC(3) Concurrent Mark From Roots
[2024-03-16T12:23:45.240+0000][2.043s] GC(3) Using 2 workers of 2 for marking
[2024-03-16T12:23:45.247+0000][2.050s] GC(3) Concurrent Mark From Roots 7.148ms
[2024-03-16T12:23:45.247+0000][2.051s] GC(3) Concurrent Preclean
[2024-03-16T12:23:45.247+0000][2.051s] GC(3) Concurrent Preclean 0.268ms
[2024-03-16T12:23:45.248+0000][2.051s] GC(3) Pause Remark
[2024-03-16T12:23:45.250+0000][2.053s] GC(3) Pause Remark 25M->25M(512M) 2.103ms
[2024-03-16T12:23:45.250+0000][2.054s] GC(3) User=0.00s Sys=0.00s Real=0.00s
[2024-03-16T12:23:45.251+0000][2.054s] GC(3) Concurrent Mark 11.263ms
[2024-03-16T12:23:45.251+0000][2.055s] GC(3) Concurrent Rebuild Remembered Sets
[2024-03-16T12:23:45.255+0000][2.059s] GC(3) Concurrent Rebuild Remembered Sets 4.176ms
[2024-03-16T12:23:45.256+0000][2.060s] GC(3) Pause Cleanup
[2024-03-16T12:23:45.257+0000][2.060s] GC(3) Pause Cleanup 25M->25M(512M) 0.443ms
[2024-03-16T12:23:45.257+0000][2.061s] GC(3) User=0.00s Sys=0.00s Real=0.00s
[2024-03-16T12:23:45.257+0000][2.061s] GC(3) Concurrent Cleanup for Next Mark
[2024-03-16T12:23:45.258+0000][2.062s] GC(3) Concurrent Cleanup for Next Mark 0.810ms
[2024-03-16T12:23:45.258+0000][2.062s] GC(3) Concurrent Mark Cycle 21.707ms
[2024-03-16T12:23:46.642+0000][3.445s] GC(4) Pause Young (Prepare Mixed) (G1 Evacuation Pause)
[2024-03-16T12:23:46.642+0000][3.445s] GC(4) Using 8 workers of 8 for evacuation
[2024-03-16T12:23:46.650+0000][3.453s] GC(4)   Pre Evacuate Collection Set: 0.1ms
[2024-03-16T12:23:46.650+0000][3.453s] GC(4)   Merge Heap Roots: 0.1ms
[2024-03-16T12:23:46.650+0000][3.454s] GC(4)   Evacuate Collection Set: 6.3ms
[2024-03-16T12:23:46.650+0000][3.454s] GC(4)   Post Evacuate Collection Set: 1.2ms
[2024-03-16T12:23:46.650+0000][3.454s] GC(4)   Other: 0.4ms
[2024-03-16T12:23:46.650+0000][3.454s] GC(4) Eden regions: 104->0(11)
[2024-03-16T12:23:46.650+0000][3.454s] GC(4) Survivor regions: 10->14(15)
[2024-03-16T12:23:46.651+0000][3.454s] GC(4) Old regions: 9->12
[2024-03-16T12:23:46.651+0000][3.454s] GC(4) Archive regions: 2->2
[2024-03-16T12:23:46.651+0000][3.454s] GC(4) Humongous regions: 4->4
[2024-03-16T12:23:46.651+0000][3.455s] GC(4) Metaspace: 34610K(35008K)->34610K(35008K) NonClass: 30258K(30464K)->30258K(30464K) Class: 4351K(4544K)->4351K(4544K)
[2024-03-16T12:23:46.651+0000][3.455s] GC(4) Pause Young (Prepare Mixed) (G1 Evacuation Pause) 127M->29M(512M) 9.568ms
[2024-03-16T12:23:46.651+0000][3.455s] GC(4) User=0.05s Sys=0.01s Real=0.01s
[2024-03-16T12:23:46.786+0000][3.590s] GC(5) Pause Young (Mixed) (Metadata GC Threshold)
[2024-03-16T12:23:46.787+0000][3.590s] GC(5) Using 8 workers of 8 for evacuation
[2024-03-16T12:23:46.793+0000][3.596s] GC(5)   Pre Evacuate Collection Set: 0.1ms
[2024-03-16T12:23:46.793+0000][3.597s] GC(5)   Merge Heap Roots: 0.1ms
[2024-03-16T12:23:46.793+0000][3.597s] GC(5)   Evacuate Collection Set: 4.8ms
[2024-03-16T12:23:46.794+0000][3.597s] GC(5)   Post Evacuate Collection Set: 0.7ms
[2024-03-16T12:23:46.794+0000][3.597s] GC(5)   Other: 0.7ms
[2024-03-16T12:23:46.794+0000][3.598s] GC(5) Eden regions: 10->0(305)
[2024-03-16T12:23:46.794+0000][3.598s] GC(5) Survivor regions: 14->2(4)
[2024-03-16T12:23:46.795+0000][3.598s] GC(5) Old regions: 12->24
[2024-03-16T12:23:46.795+0000][3.598s] GC(5) Archive regions: 2->2
[2024-03-16T12:23:46.795+0000][3.598s] GC(5) Humongous regions: 4->4
[2024-03-16T12:23:46.795+0000][3.599s] GC(5) Metaspace: 35779K(36160K)->35779K(36160K) NonClass: 31281K(31424K)->31281K(31424K) Class: 4497K(4736K)->4497K(4736K)
[2024-03-16T12:23:46.795+0000][3.599s] GC(5) Pause Young (Mixed) (Metadata GC Threshold) 39M->30M(512M) 8.717ms
[2024-03-16T12:23:46.795+0000][3.599s] GC(5) User=0.03s Sys=0.00s Real=0.01s
[2024-03-16T12:23:46.809+0000][3.613s] GC(6) Pause Young (Concurrent Start) (Metadata GC Threshold)
[2024-03-16T12:23:46.809+0000][3.613s] GC(6) Using 8 workers of 8 for evacuation
[2024-03-16T12:23:46.811+0000][3.614s] GC(6)   Pre Evacuate Collection Set: 0.1ms
[2024-03-16T12:23:46.811+0000][3.615s] GC(6)   Merge Heap Roots: 0.1ms
[2024-03-16T12:23:46.811+0000][3.615s] GC(6)   Evacuate Collection Set: 0.7ms
[2024-03-16T12:23:46.811+0000][3.615s] GC(6)   Post Evacuate Collection Set: 0.4ms
[2024-03-16T12:23:46.811+0000][3.615s] GC(6)   Other: 0.5ms
[2024-03-16T12:23:46.811+0000][3.615s] GC(6) Eden regions: 3->0(306)
[2024-03-16T12:23:46.811+0000][3.615s] GC(6) Survivor regions: 2->1(39)
[2024-03-16T12:23:46.812+0000][3.615s] GC(6) Old regions: 24->24
[2024-03-16T12:23:46.812+0000][3.615s] GC(6) Archive regions: 2->2
[2024-03-16T12:23:46.812+0000][3.615s] GC(6) Humongous regions: 4->4
[2024-03-16T12:23:46.812+0000][3.615s] GC(6) Metaspace: 36152K(36480K)->36152K(36480K) NonClass: 31606K(31744K)->31606K(31744K) Class: 4546K(4736K)->4546K(4736K)
[2024-03-16T12:23:46.812+0000][3.616s] GC(6) Pause Young (Concurrent Start) (Metadata GC Threshold) 32M->29M(512M) 2.960ms
[2024-03-16T12:23:46.812+0000][3.616s] GC(6) User=0.00s Sys=0.01s Real=0.00s
[2024-03-16T12:23:46.812+0000][3.616s] GC(7) Concurrent Mark Cycle
[2024-03-16T12:23:46.812+0000][3.616s] GC(7) Concurrent Clear Claimed Marks
[2024-03-16T12:23:46.812+0000][3.616s] GC(7) Concurrent Clear Claimed Marks 0.139ms
[2024-03-16T12:23:46.813+0000][3.616s] GC(7) Concurrent Scan Root Regions
[2024-03-16T12:23:46.813+0000][3.617s] GC(7) Concurrent Scan Root Regions 0.669ms
[2024-03-16T12:23:46.813+0000][3.617s] GC(7) Concurrent Mark
[2024-03-16T12:23:46.814+0000][3.617s] GC(7) Concurrent Mark From Roots
[2024-03-16T12:23:46.814+0000][3.617s] GC(7) Using 2 workers of 2 for marking
[2024-03-16T12:23:46.831+0000][3.634s] GC(7) Concurrent Mark From Roots 16.979ms
[2024-03-16T12:23:46.831+0000][3.634s] GC(7) Concurrent Preclean
[2024-03-16T12:23:46.831+0000][3.635s] GC(7) Concurrent Preclean 0.258ms
[2024-03-16T12:23:46.832+0000][3.635s] GC(7) Pause Remark
[2024-03-16T12:23:46.834+0000][3.637s] GC(7) Pause Remark 32M->32M(512M) 2.002ms
[2024-03-16T12:23:46.834+0000][3.637s] GC(7) User=0.00s Sys=0.01s Real=0.01s
[2024-03-16T12:23:46.834+0000][3.638s] GC(7) Concurrent Mark 20.599ms
[2024-03-16T12:23:46.834+0000][3.638s] GC(7) Concurrent Rebuild Remembered Sets
[2024-03-16T12:23:46.840+0000][3.644s] GC(7) Concurrent Rebuild Remembered Sets 6.004ms
[2024-03-16T12:23:46.841+0000][3.644s] GC(7) Pause Cleanup
[2024-03-16T12:23:46.841+0000][3.644s] GC(7) Pause Cleanup 33M->33M(512M) 0.404ms
[2024-03-16T12:23:46.841+0000][3.645s] GC(7) User=0.00s Sys=0.00s Real=0.00s
[2024-03-16T12:23:46.841+0000][3.645s] GC(7) Concurrent Cleanup for Next Mark
[2024-03-16T12:23:46.842+0000][3.646s] GC(7) Concurrent Cleanup for Next Mark 0.810ms
[2024-03-16T12:23:46.842+0000][3.646s] GC(7) Concurrent Mark Cycle 30.160ms
[2024-03-16T13:32:01.704+0000][4098.526s] Heap
[2024-03-16T13:32:01.705+0000][4098.527s]  garbage-first heap   total 524288K, used 209588K [0x00000000e0000000, 0x0000000100000000)
[2024-03-16T13:32:01.705+0000][4098.527s]   region size 1024K, 177 young (181248K), 1 survivors (1024K)
[2024-03-16T13:32:01.705+0000][4098.528s]  Metaspace       used 52017K, committed 52480K, reserved 1114112K
[2024-03-16T13:32:01.706+0000][4098.528s]   class space    used 6729K, committed 6976K, reserved 1048576K
