[2024-03-14T17:39:42.708+0000][0.024s] Using G1
[2024-03-14T17:39:42.808+0000][0.124s] Version: 17.0.10+7 (release)
[2024-03-14T17:39:42.808+0000][0.124s] CPUs: 8 total, 8 available
[2024-03-14T17:39:42.808+0000][0.125s] Memory: 7827M
[2024-03-14T17:39:42.809+0000][0.125s] Large Page Support: Disabled
[2024-03-14T17:39:42.809+0000][0.126s] NUMA Support: Disabled
[2024-03-14T17:39:42.810+0000][0.126s] Compressed Oops: Enabled (32-bit)
[2024-03-14T17:39:42.810+0000][0.126s] Heap Region Size: 1M
[2024-03-14T17:39:42.810+0000][0.127s] Heap Min Capacity: 512M
[2024-03-14T17:39:42.811+0000][0.127s] Heap Initial Capacity: 512M
[2024-03-14T17:39:42.811+0000][0.127s] Heap Max Capacity: 512M
[2024-03-14T17:39:42.811+0000][0.128s] Pre-touch: Enabled
[2024-03-14T17:39:42.812+0000][0.128s] Parallel Workers: 8
[2024-03-14T17:39:42.812+0000][0.128s] Concurrent Workers: 2
[2024-03-14T17:39:42.812+0000][0.128s] Concurrent Refinement Workers: 8
[2024-03-14T17:39:42.812+0000][0.129s] Periodic GC: Disabled
[2024-03-14T17:39:42.818+0000][0.134s] CDS archive(s) mapped at: [0x00007f4ebb000000-0x00007f4ebba5f000-0x00007f4ebba5f000), size 10874880, SharedBaseAddress: 0x00007f4ebb000000, ArchiveRelocationMode: 1.
[2024-03-14T17:39:42.818+0000][0.134s] Compressed class space mapped at: 0x00007f4ebc000000-0x00007f4efc000000, reserved size: 1073741824
[2024-03-14T17:39:42.818+0000][0.135s] Narrow klass base: 0x00007f4ebb000000, Narrow klass shift: 0, Narrow klass range: 0x100000000
[2024-03-14T17:39:43.873+0000][1.190s] GC(0) Pause Young (Normal) (G1 Evacuation Pause)
[2024-03-14T17:39:43.874+0000][1.190s] GC(0) Using 8 workers of 8 for evacuation
[2024-03-14T17:39:43.877+0000][1.194s] GC(0)   Pre Evacuate Collection Set: 0.1ms
[2024-03-14T17:39:43.878+0000][1.194s] GC(0)   Merge Heap Roots: 0.1ms
[2024-03-14T17:39:43.878+0000][1.194s] GC(0)   Evacuate Collection Set: 2.6ms
[2024-03-14T17:39:43.878+0000][1.194s] GC(0)   Post Evacuate Collection Set: 0.7ms
[2024-03-14T17:39:43.878+0000][1.194s] GC(0)   Other: 0.6ms
[2024-03-14T17:39:43.878+0000][1.195s] GC(0) Eden regions: 29->0(57)
[2024-03-14T17:39:43.878+0000][1.195s] GC(0) Survivor regions: 0->4(4)
[2024-03-14T17:39:43.878+0000][1.195s] GC(0) Old regions: 0->1
[2024-03-14T17:39:43.879+0000][1.195s] GC(0) Archive regions: 2->2
[2024-03-14T17:39:43.879+0000][1.195s] GC(0) Humongous regions: 4->4
[2024-03-14T17:39:43.879+0000][1.195s] GC(0) Metaspace: 10155K(10432K)->10155K(10432K) NonClass: 8888K(9024K)->8888K(9024K) Class: 1267K(1408K)->1267K(1408K)
[2024-03-14T17:39:43.879+0000][1.195s] GC(0) Pause Young (Normal) (G1 Evacuation Pause) 33M->9M(512M) 5.709ms
[2024-03-14T17:39:43.879+0000][1.195s] GC(0) User=0.04s Sys=0.00s Real=0.01s
[2024-03-14T17:39:44.612+0000][1.928s] GC(1) Pause Young (Normal) (G1 Evacuation Pause)
[2024-03-14T17:39:44.612+0000][1.928s] GC(1) Using 8 workers of 8 for evacuation
[2024-03-14T17:39:44.620+0000][1.937s] GC(1)   Pre Evacuate Collection Set: 0.1ms
[2024-03-14T17:39:44.621+0000][1.937s] GC(1)   Merge Heap Roots: 0.1ms
[2024-03-14T17:39:44.621+0000][1.937s] GC(1)   Evacuate Collection Set: 7.4ms
[2024-03-14T17:39:44.621+0000][1.937s] GC(1)   Post Evacuate Collection Set: 0.7ms
[2024-03-14T17:39:44.621+0000][1.937s] GC(1)   Other: 0.4ms
[2024-03-14T17:39:44.621+0000][1.938s] GC(1) Eden regions: 55->0(65)
[2024-03-14T17:39:44.621+0000][1.938s] GC(1) Survivor regions: 4->8(8)
[2024-03-14T17:39:44.621+0000][1.938s] GC(1) Old regions: 1->10
[2024-03-14T17:39:44.622+0000][1.938s] GC(1) Archive regions: 2->2
[2024-03-14T17:39:44.622+0000][1.938s] GC(1) Humongous regions: 4->4
[2024-03-14T17:39:44.622+0000][1.938s] GC(1) Metaspace: 17893K(18112K)->17893K(18112K) NonClass: 15677K(15808K)->15677K(15808K) Class: 2215K(2304K)->2215K(2304K)
[2024-03-14T17:39:44.622+0000][1.938s] GC(1) Pause Young (Normal) (G1 Evacuation Pause) 64M->22M(512M) 10.110ms
[2024-03-14T17:39:44.622+0000][1.938s] GC(1) User=0.07s Sys=0.00s Real=0.01s
[2024-03-14T17:39:45.015+0000][2.331s] GC(2) Pause Young (Concurrent Start) (Metadata GC Threshold)
[2024-03-14T17:39:45.015+0000][2.331s] GC(2) Using 8 workers of 8 for evacuation
[2024-03-14T17:39:45.020+0000][2.336s] GC(2)   Pre Evacuate Collection Set: 0.2ms
[2024-03-14T17:39:45.020+0000][2.337s] GC(2)   Merge Heap Roots: 0.1ms
[2024-03-14T17:39:45.020+0000][2.337s] GC(2)   Evacuate Collection Set: 3.7ms
[2024-03-14T17:39:45.021+0000][2.337s] GC(2)   Post Evacuate Collection Set: 0.6ms
[2024-03-14T17:39:45.021+0000][2.337s] GC(2)   Other: 0.8ms
[2024-03-14T17:39:45.021+0000][2.337s] GC(2) Eden regions: 30->0(74)
[2024-03-14T17:39:45.021+0000][2.337s] GC(2) Survivor regions: 8->2(9)
[2024-03-14T17:39:45.021+0000][2.337s] GC(2) Old regions: 10->18
[2024-03-14T17:39:45.021+0000][2.338s] GC(2) Archive regions: 2->2
[2024-03-14T17:39:45.021+0000][2.338s] GC(2) Humongous regions: 4->4
[2024-03-14T17:39:45.021+0000][2.338s] GC(2) Metaspace: 21144K(21504K)->21144K(21504K) NonClass: 18526K(18688K)->18526K(18688K) Class: 2618K(2816K)->2618K(2816K)
[2024-03-14T17:39:45.021+0000][2.338s] GC(2) Pause Young (Concurrent Start) (Metadata GC Threshold) 51M->24M(512M) 6.708ms
[2024-03-14T17:39:45.022+0000][2.338s] GC(2) User=0.02s Sys=0.01s Real=0.01s
[2024-03-14T17:39:45.022+0000][2.338s] GC(3) Concurrent Mark Cycle
[2024-03-14T17:39:45.022+0000][2.338s] GC(3) Concurrent Clear Claimed Marks
[2024-03-14T17:39:45.022+0000][2.338s] GC(3) Concurrent Clear Claimed Marks 0.203ms
[2024-03-14T17:39:45.022+0000][2.339s] GC(3) Concurrent Scan Root Regions
[2024-03-14T17:39:45.024+0000][2.341s] GC(3) Concurrent Scan Root Regions 1.911ms
[2024-03-14T17:39:45.024+0000][2.341s] GC(3) Concurrent Mark
[2024-03-14T17:39:45.025+0000][2.341s] GC(3) Concurrent Mark From Roots
[2024-03-14T17:39:45.025+0000][2.341s] GC(3) Using 2 workers of 2 for marking
[2024-03-14T17:39:45.034+0000][2.351s] GC(3) Concurrent Mark From Roots 9.817ms
[2024-03-14T17:39:45.035+0000][2.352s] GC(3) Concurrent Preclean
[2024-03-14T17:39:45.036+0000][2.352s] GC(3) Concurrent Preclean 0.321ms
[2024-03-14T17:39:45.036+0000][2.352s] GC(3) Pause Remark
[2024-03-14T17:39:45.038+0000][2.355s] GC(3) Pause Remark 25M->25M(512M) 2.477ms
[2024-03-14T17:39:45.039+0000][2.355s] GC(3) User=0.01s Sys=0.00s Real=0.00s
[2024-03-14T17:39:45.039+0000][2.355s] GC(3) Concurrent Mark 14.426ms
[2024-03-14T17:39:45.039+0000][2.355s] GC(3) Concurrent Rebuild Remembered Sets
[2024-03-14T17:39:45.045+0000][2.362s] GC(3) Concurrent Rebuild Remembered Sets 6.310ms
[2024-03-14T17:39:45.047+0000][2.363s] GC(3) Pause Cleanup
[2024-03-14T17:39:45.047+0000][2.364s] GC(3) Pause Cleanup 25M->25M(512M) 0.737ms
[2024-03-14T17:39:45.048+0000][2.364s] GC(3) User=0.00s Sys=0.00s Real=0.00s
[2024-03-14T17:39:45.048+0000][2.364s] GC(3) Concurrent Cleanup for Next Mark
[2024-03-14T17:39:45.049+0000][2.365s] GC(3) Concurrent Cleanup for Next Mark 1.156ms
[2024-03-14T17:39:45.049+0000][2.366s] GC(3) Concurrent Mark Cycle 27.542ms
[2024-03-14T17:39:46.383+0000][3.699s] GC(4) Pause Young (Prepare Mixed) (G1 Evacuation Pause)
[2024-03-14T17:39:46.383+0000][3.700s] GC(4) Using 8 workers of 8 for evacuation
[2024-03-14T17:39:46.391+0000][3.707s] GC(4)   Pre Evacuate Collection Set: 0.2ms
[2024-03-14T17:39:46.392+0000][3.708s] GC(4)   Merge Heap Roots: 0.1ms
[2024-03-14T17:39:46.392+0000][3.708s] GC(4)   Evacuate Collection Set: 5.7ms
[2024-03-14T17:39:46.392+0000][3.708s] GC(4)   Post Evacuate Collection Set: 1.1ms
[2024-03-14T17:39:46.392+0000][3.709s] GC(4)   Other: 0.6ms
[2024-03-14T17:39:46.392+0000][3.709s] GC(4) Eden regions: 74->0(18)
[2024-03-14T17:39:46.392+0000][3.709s] GC(4) Survivor regions: 2->7(10)
[2024-03-14T17:39:46.393+0000][3.709s] GC(4) Old regions: 18->18
[2024-03-14T17:39:46.393+0000][3.709s] GC(4) Archive regions: 2->2
[2024-03-14T17:39:46.393+0000][3.709s] GC(4) Humongous regions: 4->4
[2024-03-14T17:39:46.393+0000][3.709s] GC(4) Metaspace: 34290K(34624K)->34290K(34624K) NonClass: 29983K(30144K)->29983K(30144K) Class: 4307K(4480K)->4307K(4480K)
[2024-03-14T17:39:46.393+0000][3.710s] GC(4) Pause Young (Prepare Mixed) (G1 Evacuation Pause) 98M->28M(512M) 10.292ms
[2024-03-14T17:39:46.393+0000][3.710s] GC(4) User=0.03s Sys=0.00s Real=0.01s
[2024-03-14T17:39:46.691+0000][4.007s] GC(5) Pause Young (Mixed) (Metadata GC Threshold)
[2024-03-14T17:39:46.691+0000][4.008s] GC(5) Using 8 workers of 8 for evacuation
[2024-03-14T17:39:46.695+0000][4.012s] GC(5)   Pre Evacuate Collection Set: 0.1ms
[2024-03-14T17:39:46.695+0000][4.012s] GC(5)   Merge Heap Roots: 0.1ms
[2024-03-14T17:39:46.696+0000][4.012s] GC(5)   Evacuate Collection Set: 2.9ms
[2024-03-14T17:39:46.696+0000][4.012s] GC(5)   Post Evacuate Collection Set: 0.5ms
[2024-03-14T17:39:46.696+0000][4.012s] GC(5)   Other: 0.5ms
[2024-03-14T17:39:46.696+0000][4.012s] GC(5) Eden regions: 15->0(305)
[2024-03-14T17:39:46.696+0000][4.012s] GC(5) Survivor regions: 7->2(4)
[2024-03-14T17:39:46.696+0000][4.012s] GC(5) Old regions: 18->24
[2024-03-14T17:39:46.696+0000][4.013s] GC(5) Archive regions: 2->2
[2024-03-14T17:39:46.696+0000][4.013s] GC(5) Humongous regions: 4->4
[2024-03-14T17:39:46.696+0000][4.013s] GC(5) Metaspace: 35773K(36160K)->35773K(36160K) NonClass: 31278K(31424K)->31278K(31424K) Class: 4494K(4736K)->4494K(4736K)
[2024-03-14T17:39:46.697+0000][4.013s] GC(5) Pause Young (Mixed) (Metadata GC Threshold) 43M->29M(512M) 5.640ms
[2024-03-14T17:39:46.697+0000][4.013s] GC(5) User=0.01s Sys=0.01s Real=0.01s
[2024-03-14T17:39:46.716+0000][4.033s] GC(6) Pause Young (Concurrent Start) (GCLocker Initiated GC)
[2024-03-14T17:39:46.717+0000][4.033s] GC(6) Using 8 workers of 8 for evacuation
[2024-03-14T17:39:46.720+0000][4.036s] GC(6)   Pre Evacuate Collection Set: 0.7ms
[2024-03-14T17:39:46.720+0000][4.037s] GC(6)   Merge Heap Roots: 0.2ms
[2024-03-14T17:39:46.720+0000][4.037s] GC(6)   Evacuate Collection Set: 1.4ms
[2024-03-14T17:39:46.721+0000][4.037s] GC(6)   Post Evacuate Collection Set: 0.6ms
[2024-03-14T17:39:46.721+0000][4.037s] GC(6)   Other: 0.9ms
[2024-03-14T17:39:46.721+0000][4.037s] GC(6) Eden regions: 3->0(306)
[2024-03-14T17:39:46.721+0000][4.037s] GC(6) Survivor regions: 2->1(39)
[2024-03-14T17:39:46.721+0000][4.037s] GC(6) Old regions: 24->24
[2024-03-14T17:39:46.721+0000][4.038s] GC(6) Archive regions: 2->2
[2024-03-14T17:39:46.721+0000][4.038s] GC(6) Humongous regions: 4->4
[2024-03-14T17:39:46.721+0000][4.038s] GC(6) Metaspace: 36153K(36544K)->36153K(36544K) NonClass: 31609K(31808K)->31609K(31808K) Class: 4544K(4736K)->4544K(4736K)
[2024-03-14T17:39:46.722+0000][4.038s] GC(6) Pause Young (Concurrent Start) (GCLocker Initiated GC) 32M->29M(512M) 5.391ms
[2024-03-14T17:39:46.722+0000][4.038s] GC(6) User=0.01s Sys=0.00s Real=0.00s
[2024-03-14T17:39:46.722+0000][4.038s] GC(7) Concurrent Mark Cycle
[2024-03-14T17:39:46.722+0000][4.039s] GC(7) Concurrent Clear Claimed Marks
[2024-03-14T17:39:46.722+0000][4.039s] GC(7) Concurrent Clear Claimed Marks 0.176ms
[2024-03-14T17:39:46.722+0000][4.039s] GC(7) Concurrent Scan Root Regions
[2024-03-14T17:39:46.724+0000][4.040s] GC(7) Concurrent Scan Root Regions 1.130ms
[2024-03-14T17:39:46.724+0000][4.040s] GC(7) Concurrent Mark
[2024-03-14T17:39:46.724+0000][4.040s] GC(7) Concurrent Mark From Roots
[2024-03-14T17:39:46.724+0000][4.041s] GC(7) Using 2 workers of 2 for marking
[2024-03-14T17:39:46.743+0000][4.059s] GC(7) Concurrent Mark From Roots 18.664ms
[2024-03-14T17:39:46.743+0000][4.059s] GC(7) Concurrent Preclean
[2024-03-14T17:39:46.743+0000][4.060s] GC(7) Concurrent Preclean 0.422ms
[2024-03-14T17:39:46.744+0000][4.060s] GC(7) Pause Remark
[2024-03-14T17:39:46.747+0000][4.063s] GC(7) Pause Remark 31M->31M(512M) 2.958ms
[2024-03-14T17:39:46.747+0000][4.064s] GC(7) User=0.02s Sys=0.00s Real=0.01s
[2024-03-14T17:39:46.747+0000][4.064s] GC(7) Concurrent Mark 23.635ms
[2024-03-14T17:39:46.748+0000][4.064s] GC(7) Concurrent Rebuild Remembered Sets
[2024-03-14T17:39:46.756+0000][4.073s] GC(7) Concurrent Rebuild Remembered Sets 8.460ms
[2024-03-14T17:39:46.757+0000][4.073s] GC(7) Pause Cleanup
[2024-03-14T17:39:46.757+0000][4.074s] GC(7) Pause Cleanup 32M->32M(512M) 0.316ms
[2024-03-14T17:39:46.757+0000][4.074s] GC(7) User=0.01s Sys=0.00s Real=0.00s
[2024-03-14T17:39:46.758+0000][4.074s] GC(7) Concurrent Cleanup for Next Mark
[2024-03-14T17:39:46.759+0000][4.075s] GC(7) Concurrent Cleanup for Next Mark 0.959ms
[2024-03-14T17:39:46.759+0000][4.075s] GC(7) Concurrent Mark Cycle 36.807ms
